tm1637.c:60:6:writeByte	24	static
tm1637.c:101:6:start	8	static
tm1637.c:112:6:stop	8	static
tm1637.c:123:6:TM1637_Display	24	static
tm1637.c:142:6:TM1637_DisplayArray	24	static
tm1637.c:170:6:TM1637_DisplayLetter	24	static
tm1637.c:189:6:TM1637_DisplayLetterArray	24	static
tm1637.c:209:6:TM1637_DisplayDec	24	static
tm1637.c:261:6:TM1637_RunningString	40	dynamic
tm1637.c:287:6:displayByteForString	32	static
tm1637.c:294:6:TM1637_RunningLetterString	40	dynamic
tm1637.c:320:6:displayByteForLetter	32	static
tm1637.c:327:6:TM1637_ClearDisplay	8	static
tm1637.c:335:6:TM1637_SetBrightness	16	static
tm1637.c:340:6:TM1637_Point	16	static
tm1637.c:350:6:coding_Array	24	static
tm1637.c:372:8:coding	24	static
