tm1637.c:17:6:writeByte	24	static
tm1637.c:58:6:start	8	static
tm1637.c:69:6:stop	8	static
tm1637.c:80:6:TM1637_DisplayMass	24	static
tm1637.c:108:6:TM1637_Display	24	static
tm1637.c:127:6:TM1637_DisplayDec	24	static
tm1637.c:179:6:TM1637_RunningString	40	dynamic
tm1637.c:205:6:displayByteForString	32	static
tm1637.c:211:6:TM1637_ClearDisplay	8	static
tm1637.c:219:6:TM1637_SetBrightness	16	static
tm1637.c:224:6:TM1637_Point	16	static
tm1637.c:234:6:coding_mass	24	static
tm1637.c:256:8:coding	24	static
